[1 - Suricata-Main] 2026-06-04 07:23:43 Notice: suricata: This is Suricata version 8.0.4 RELEASE running in SYSTEM mode
[1 - Suricata-Main] 2026-06-04 07:23:43 Info: cpu: CPUs/cores online: 4
[1 - Suricata-Main] 2026-06-04 07:23:43 Info: suricata: Setting engine mode to IDS mode by default
[1 - Suricata-Main] 2026-06-04 07:23:43 Info: suricata: No 'host-mode': suricata is in IDS mode, using default setting 'sniffer-only'
[1 - Suricata-Main] 2026-06-04 07:23:43 Notice: stream-tcp: stream.reassembly.depth set to unlimited by default
[1 - Suricata-Main] 2026-06-04 07:23:43 Info: privs: dropped the caps for main thread
[1 - Suricata-Main] 2026-06-04 07:23:43 Info: logopenfile: eve-log output device (regular) initialized: /var/log/suricata/eve.json
[1 - Suricata-Main] 2026-06-04 07:24:16 Info: detect: 52 rule files processed. 49392 rules successfully loaded, 0 rules failed, 0 rules skipped
[1 - Suricata-Main] 2026-06-04 07:24:17 Info: threshold-config: Threshold config parsed: 0 rule(s) found
[1 - Suricata-Main] 2026-06-04 07:24:17 Info: detect: 49397 signatures processed. 1267 are IP-only rules, 5210 are inspecting packet payload, 42869 inspect application layer, 0 are decoder event only
[1 - Suricata-Main] 2026-06-04 07:24:38 Info: runmodes: ens33: creating 4 threads
[1 - Suricata-Main] 2026-06-04 07:24:38 Info: runmodes: ens37: creating 4 threads
[20 - W#01-ens33] 2026-06-04 07:24:39 Info: ioctl: ens33: MTU 1500
[24 - W#01-ens37] 2026-06-04 07:24:39 Info: ioctl: ens37: MTU 1500
[1 - Suricata-Main] 2026-06-04 07:24:39 Notice: threads: Threads created -> W: 8 FM: 1 FR: 1   Engine started.
[1 - Suricata-Main] 2026-06-04 08:15:17 Notice: suricata: Signal Received.  Stopping engine.
[1 - Suricata-Main] 2026-06-04 08:15:17 Info: suricata: time elapsed 3039.833s
[1 - Suricata-Main] 2026-06-04 08:15:19 Notice: device: ens33: packets: 51, drops: 0 (0.00%), invalid chksum: 0
[1 - Suricata-Main] 2026-06-04 08:15:19 Notice: device: ens37: packets: 4809647, drops: 37034 (0.77%), invalid chksum: 0
[1 - Suricata-Main] 2026-06-04 09:07:55 Notice: suricata: This is Suricata version 8.0.4 RELEASE running in SYSTEM mode
[1 - Suricata-Main] 2026-06-04 09:07:55 Info: cpu: CPUs/cores online: 4
[1 - Suricata-Main] 2026-06-04 09:07:55 Info: suricata: Setting engine mode to IDS mode by default
[1 - Suricata-Main] 2026-06-04 09:07:55 Info: suricata: No 'host-mode': suricata is in IDS mode, using default setting 'sniffer-only'
[1 - Suricata-Main] 2026-06-04 09:07:55 Notice: stream-tcp: stream.reassembly.depth set to unlimited by default
[1 - Suricata-Main] 2026-06-04 09:07:55 Info: privs: dropped the caps for main thread
[1 - Suricata-Main] 2026-06-04 09:07:55 Info: logopenfile: eve-log output device (regular) initialized: /var/log/suricata/eve.json
[1 - Suricata-Main] 2026-06-04 09:08:22 Info: detect: 52 rule files processed. 49392 rules successfully loaded, 0 rules failed, 0 rules skipped
[1 - Suricata-Main] 2026-06-04 09:08:23 Info: threshold-config: Threshold config parsed: 0 rule(s) found
[1 - Suricata-Main] 2026-06-04 09:08:23 Info: detect: 49397 signatures processed. 1267 are IP-only rules, 5210 are inspecting packet payload, 42869 inspect application layer, 0 are decoder event only
[1 - Suricata-Main] 2026-06-04 09:08:42 Info: runmodes: ens33: creating 4 threads
[1 - Suricata-Main] 2026-06-04 09:08:42 Info: runmodes: ens37: creating 4 threads
[20 - W#01-ens33] 2026-06-04 09:08:42 Info: ioctl: ens33: MTU 1500
[24 - W#01-ens37] 2026-06-04 09:08:42 Info: ioctl: ens37: MTU 1500
[1 - Suricata-Main] 2026-06-04 09:08:43 Notice: threads: Threads created -> W: 8 FM: 1 FR: 1   Engine started.
[1 - Suricata-Main] 2026-06-04 09:17:21 Notice: suricata: Signal Received.  Stopping engine.
[1 - Suricata-Main] 2026-06-04 09:17:22 Info: suricata: time elapsed 519.759s
[1 - Suricata-Main] 2026-06-04 09:17:24 Notice: device: ens33: packets: 17, drops: 0 (0.00%), invalid chksum: 0
[1 - Suricata-Main] 2026-06-04 09:17:24 Notice: device: ens37: packets: 1367439, drops: 5858 (0.43%), invalid chksum: 0
[1 - Suricata-Main] 2026-06-04 09:27:16 Notice: suricata: This is Suricata version 8.0.4 RELEASE running in SYSTEM mode
[1 - Suricata-Main] 2026-06-04 09:27:16 Info: cpu: CPUs/cores online: 4
[1 - Suricata-Main] 2026-06-04 09:27:16 Info: suricata: Setting engine mode to IDS mode by default
[1 - Suricata-Main] 2026-06-04 09:27:16 Info: suricata: No 'host-mode': suricata is in IDS mode, using default setting 'sniffer-only'
[1 - Suricata-Main] 2026-06-04 09:27:16 Notice: stream-tcp: stream.reassembly.depth set to unlimited by default
[1 - Suricata-Main] 2026-06-04 09:27:16 Info: privs: dropped the caps for main thread
[1 - Suricata-Main] 2026-06-04 09:27:16 Info: logopenfile: eve-log output device (regular) initialized: /var/log/suricata/eve.json
[1 - Suricata-Main] 2026-06-04 09:27:52 Info: detect: 52 rule files processed. 49392 rules successfully loaded, 0 rules failed, 0 rules skipped
[1 - Suricata-Main] 2026-06-04 09:27:52 Info: threshold-config: Threshold config parsed: 0 rule(s) found
[1 - Suricata-Main] 2026-06-04 09:27:53 Info: detect: 49397 signatures processed. 1267 are IP-only rules, 5210 are inspecting packet payload, 42869 inspect application layer, 0 are decoder event only
